<?xml version="1.0"?>
<link_info>
   <banner>TI ARM Linker PC v5.2.2</banner>
   <copyright>Copyright (c) 1996-2015 Texas Instruments Incorporated</copyright>
   <link_time>0x55b1d777</link_time>
   <link_errors>0x0</link_errors>
   <output_file>timers.out</output_file>
   <entry_point>
      <name>_c_int00</name>
      <address>0x1145</address>
   </entry_point>
   <input_file_list>
      <input_file id="fl-2">
         <path>.\</path>
         <kind>object</kind>
         <file>startup_ccs.obj</file>
         <name>startup_ccs.obj</name>
      </input_file>
      <input_file id="fl-3">
         <path>.\</path>
         <kind>object</kind>
         <file>timers.obj</file>
         <name>timers.obj</name>
      </input_file>
      <input_file id="fl-4">
         <path>.\utils\</path>
         <kind>object</kind>
         <file>uartstdio.obj</file>
         <name>uartstdio.obj</name>
      </input_file>
      <input_file id="fl-12b">
         <path>D:\ti\ccsv6\tools\compiler\ti-cgt-arm_5.2.2\lib\</path>
         <kind>archive</kind>
         <file>rtsv7M4_T_le_v4SPD16_eabi.lib</file>
         <name>atoi.obj</name>
      </input_file>
      <input_file id="fl-12c">
         <path>D:\ti\ccsv6\tools\compiler\ti-cgt-arm_5.2.2\lib\</path>
         <kind>archive</kind>
         <file>rtsv7M4_T_le_v4SPD16_eabi.lib</file>
         <name>boot.obj</name>
      </input_file>
      <input_file id="fl-12d">
         <path>D:\ti\ccsv6\tools\compiler\ti-cgt-arm_5.2.2\lib\</path>
         <kind>archive</kind>
         <file>rtsv7M4_T_le_v4SPD16_eabi.lib</file>
         <name>copy_decompress_none.obj</name>
      </input_file>
      <input_file id="fl-12e">
         <path>D:\ti\ccsv6\tools\compiler\ti-cgt-arm_5.2.2\lib\</path>
         <kind>archive</kind>
         <file>rtsv7M4_T_le_v4SPD16_eabi.lib</file>
         <name>copy_decompress_rle.obj</name>
      </input_file>
      <input_file id="fl-12f">
         <path>D:\ti\ccsv6\tools\compiler\ti-cgt-arm_5.2.2\lib\</path>
         <kind>archive</kind>
         <file>rtsv7M4_T_le_v4SPD16_eabi.lib</file>
         <name>copy_zero_init.obj</name>
      </input_file>
      <input_file id="fl-130">
         <path>D:\ti\ccsv6\tools\compiler\ti-cgt-arm_5.2.2\lib\</path>
         <kind>archive</kind>
         <file>rtsv7M4_T_le_v4SPD16_eabi.lib</file>
         <name>ctype.obj</name>
      </input_file>
      <input_file id="fl-131">
         <path>D:\ti\ccsv6\tools\compiler\ti-cgt-arm_5.2.2\lib\</path>
         <kind>archive</kind>
         <file>rtsv7M4_T_le_v4SPD16_eabi.lib</file>
         <name>exit.obj</name>
      </input_file>
      <input_file id="fl-132">
         <path>D:\ti\ccsv6\tools\compiler\ti-cgt-arm_5.2.2\lib\</path>
         <kind>archive</kind>
         <file>rtsv7M4_T_le_v4SPD16_eabi.lib</file>
         <name>memcpy_t2.obj</name>
      </input_file>
      <input_file id="fl-133">
         <path>D:\ti\ccsv6\tools\compiler\ti-cgt-arm_5.2.2\lib\</path>
         <kind>archive</kind>
         <file>rtsv7M4_T_le_v4SPD16_eabi.lib</file>
         <name>memset_t2.obj</name>
      </input_file>
      <input_file id="fl-134">
         <path>D:\ti\ccsv6\tools\compiler\ti-cgt-arm_5.2.2\lib\</path>
         <kind>archive</kind>
         <file>rtsv7M4_T_le_v4SPD16_eabi.lib</file>
         <name>pre_init.obj</name>
      </input_file>
      <input_file id="fl-135">
         <path>D:\ti\ccsv6\tools\compiler\ti-cgt-arm_5.2.2\lib\</path>
         <kind>archive</kind>
         <file>rtsv7M4_T_le_v4SPD16_eabi.lib</file>
         <name>stkdepth_vars.obj</name>
      </input_file>
      <input_file id="fl-136">
         <path>D:\ti\ccsv6\tools\compiler\ti-cgt-arm_5.2.2\lib\</path>
         <kind>archive</kind>
         <file>rtsv7M4_T_le_v4SPD16_eabi.lib</file>
         <name>u_divt2.obj</name>
      </input_file>
      <input_file id="fl-137">
         <path>D:\ti\ccsv6\tools\compiler\ti-cgt-arm_5.2.2\lib\</path>
         <kind>archive</kind>
         <file>rtsv7M4_T_le_v4SPD16_eabi.lib</file>
         <name>_lock.obj</name>
      </input_file>
      <input_file id="fl-138">
         <path>D:\ti\ccsv6\tools\compiler\ti-cgt-arm_5.2.2\lib\</path>
         <kind>archive</kind>
         <file>rtsv7M4_T_le_v4SPD16_eabi.lib</file>
         <name>args_main.obj</name>
      </input_file>
      <input_file id="fl-139">
         <path>D:\ti\ccsv6\tools\compiler\ti-cgt-arm_5.2.2\lib\</path>
         <kind>archive</kind>
         <file>rtsv7M4_T_le_v4SPD16_eabi.lib</file>
         <name>autoinit.obj</name>
      </input_file>
      <input_file id="fl-13a">
         <path>D:\ti\ccsv6\tools\compiler\ti-cgt-arm_5.2.2\lib\</path>
         <kind>archive</kind>
         <file>rtsv7M4_T_le_v4SPD16_eabi.lib</file>
         <name>cpy_tbl.obj</name>
      </input_file>
      <input_file id="fl-13b">
         <path>D:\ti\TivaWare_C_Series-2.1.0.12573\examples\boards\ek-tm4c123gxl\timers\ccs\..\..\..\..\..\driverlib\ccs\Debug\</path>
         <kind>archive</kind>
         <file>driverlib.lib</file>
         <name>uart.obj</name>
      </input_file>
      <input_file id="fl-13c">
         <path>D:\ti\TivaWare_C_Series-2.1.0.12573\examples\boards\ek-tm4c123gxl\timers\ccs\..\..\..\..\..\driverlib\ccs\Debug\</path>
         <kind>archive</kind>
         <file>driverlib.lib</file>
         <name>timer.obj</name>
      </input_file>
      <input_file id="fl-13d">
         <path>D:\ti\TivaWare_C_Series-2.1.0.12573\examples\boards\ek-tm4c123gxl\timers\ccs\..\..\..\..\..\driverlib\ccs\Debug\</path>
         <kind>archive</kind>
         <file>driverlib.lib</file>
         <name>sysctl.obj</name>
      </input_file>
      <input_file id="fl-13e">
         <path>D:\ti\TivaWare_C_Series-2.1.0.12573\examples\boards\ek-tm4c123gxl\timers\ccs\..\..\..\..\..\driverlib\ccs\Debug\</path>
         <kind>archive</kind>
         <file>driverlib.lib</file>
         <name>pwm.obj</name>
      </input_file>
      <input_file id="fl-13f">
         <path>D:\ti\TivaWare_C_Series-2.1.0.12573\examples\boards\ek-tm4c123gxl\timers\ccs\..\..\..\..\..\driverlib\ccs\Debug\</path>
         <kind>archive</kind>
         <file>driverlib.lib</file>
         <name>interrupt.obj</name>
      </input_file>
      <input_file id="fl-140">
         <path>D:\ti\TivaWare_C_Series-2.1.0.12573\examples\boards\ek-tm4c123gxl\timers\ccs\..\..\..\..\..\driverlib\ccs\Debug\</path>
         <kind>archive</kind>
         <file>driverlib.lib</file>
         <name>gpio.obj</name>
      </input_file>
      <input_file id="fl-141">
         <path>D:\ti\TivaWare_C_Series-2.1.0.12573\examples\boards\ek-tm4c123gxl\timers\ccs\..\..\..\..\..\driverlib\ccs\Debug\</path>
         <kind>archive</kind>
         <file>driverlib.lib</file>
         <name>fpu.obj</name>
      </input_file>
      <input_file id="fl-142">
         <path>D:\ti\TivaWare_C_Series-2.1.0.12573\examples\boards\ek-tm4c123gxl\timers\ccs\..\..\..\..\..\driverlib\ccs\Debug\</path>
         <kind>archive</kind>
         <file>driverlib.lib</file>
         <name>cpu.obj</name>
      </input_file>
   </input_file_list>
   <object_component_list>
      <object_component id="oc-f">
         <name>.intvecs</name>
         <load_address>0x0</load_address>
         <run_address>0x0</run_address>
         <size>0x26c</size>
         <input_file_ref idref="fl-2"/>
      </object_component>
      <object_component id="oc-4e">
         <name>.text:ControlIntHandler</name>
         <load_address>0x26c</load_address>
         <run_address>0x26c</run_address>
         <size>0x2c8</size>
         <input_file_ref idref="fl-3"/>
      </object_component>
      <object_component id="oc-14c">
         <name>.text:ConfigurePWM</name>
         <load_address>0x534</load_address>
         <run_address>0x534</run_address>
         <size>0x13c</size>
         <input_file_ref idref="fl-3"/>
      </object_component>
      <object_component id="oc-229">
         <name>.text:GPIOPadConfigSet</name>
         <load_address>0x670</load_address>
         <run_address>0x670</run_address>
         <size>0x130</size>
         <input_file_ref idref="fl-140"/>
      </object_component>
      <object_component id="oc-1b1">
         <name>.text:SysCtlClockGet</name>
         <load_address>0x7a0</load_address>
         <run_address>0x7a0</run_address>
         <size>0x118</size>
         <input_file_ref idref="fl-13d"/>
      </object_component>
      <object_component id="oc-152">
         <name>.text:ConfigureQEI</name>
         <load_address>0x8b8</load_address>
         <run_address>0x8b8</run_address>
         <size>0xf8</size>
         <input_file_ref idref="fl-3"/>
      </object_component>
      <object_component id="oc-54">
         <name>.text:interpolated_motion_handler</name>
         <load_address>0x9b0</load_address>
         <run_address>0x9b0</run_address>
         <size>0xf4</size>
         <input_file_ref idref="fl-3"/>
      </object_component>
      <object_component id="oc-140">
         <name>.text:SysCtlClockSet</name>
         <load_address>0xaa4</load_address>
         <run_address>0xaa4</run_address>
         <size>0xf0</size>
         <input_file_ref idref="fl-13d"/>
      </object_component>
      <object_component id="oc-5d">
         <name>.text</name>
         <load_address>0xb94</load_address>
         <run_address>0xb94</run_address>
         <size>0x9c</size>
         <input_file_ref idref="fl-132"/>
      </object_component>
      <object_component id="oc-158">
         <name>.text:ConfigureCtrlTimer</name>
         <load_address>0xc30</load_address>
         <run_address>0xc30</run_address>
         <size>0x84</size>
         <input_file_ref idref="fl-3"/>
      </object_component>
      <object_component id="oc-76">
         <name>.text</name>
         <load_address>0xcb4</load_address>
         <run_address>0xcb4</run_address>
         <size>0x7a</size>
         <input_file_ref idref="fl-133"/>
      </object_component>
      <object_component id="oc-36">
         <name>.text:FaultISR</name>
         <load_address>0xd2e</load_address>
         <run_address>0xd2e</run_address>
         <size>0x2</size>
         <input_file_ref idref="fl-2"/>
      </object_component>
      <object_component id="oc-88">
         <name>.text</name>
         <load_address>0xd30</load_address>
         <run_address>0xd30</run_address>
         <size>0x6c</size>
         <input_file_ref idref="fl-139"/>
      </object_component>
      <object_component id="oc-69">
         <name>.text</name>
         <load_address>0xd9c</load_address>
         <run_address>0xd9c</run_address>
         <size>0x6a</size>
         <input_file_ref idref="fl-12e"/>
      </object_component>
      <object_component id="oc-3c">
         <name>.text:IntDefaultHandler</name>
         <load_address>0xe06</load_address>
         <run_address>0xe06</run_address>
         <size>0x2</size>
         <input_file_ref idref="fl-2"/>
      </object_component>
      <object_component id="oc-146">
         <name>.text:ConfigureUART</name>
         <load_address>0xe08</load_address>
         <run_address>0xe08</run_address>
         <size>0x64</size>
         <input_file_ref idref="fl-3"/>
      </object_component>
      <object_component id="oc-1f7">
         <name>.text:IntEnable</name>
         <load_address>0xe6c</load_address>
         <run_address>0xe6c</run_address>
         <size>0x60</size>
         <input_file_ref idref="fl-13f"/>
      </object_component>
      <object_component id="oc-18c">
         <name>.text:UARTStdioConfig</name>
         <load_address>0xecc</load_address>
         <run_address>0xecc</run_address>
         <size>0x60</size>
         <input_file_ref idref="fl-4"/>
      </object_component>
      <object_component id="oc-fb">
         <name>.text:main</name>
         <load_address>0xf2c</load_address>
         <run_address>0xf2c</run_address>
         <size>0x60</size>
         <input_file_ref idref="fl-3"/>
      </object_component>
      <object_component id="oc-1eb">
         <name>.text:TimerConfigure</name>
         <load_address>0xf8c</load_address>
         <run_address>0xf8c</run_address>
         <size>0x5c</size>
         <input_file_ref idref="fl-13c"/>
      </object_component>
      <object_component id="oc-1e2">
         <name>.text:qeiDIntHandler</name>
         <load_address>0xfe8</load_address>
         <run_address>0xfe8</run_address>
         <size>0x5c</size>
         <input_file_ref idref="fl-3"/>
      </object_component>
      <object_component id="oc-1d0">
         <name>.text:GPIOIntTypeSet</name>
         <load_address>0x1044</load_address>
         <run_address>0x1044</run_address>
         <size>0x56</size>
         <input_file_ref idref="fl-140"/>
      </object_component>
      <object_component id="oc-30">
         <name>.text:NmiSR</name>
         <load_address>0x109a</load_address>
         <run_address>0x109a</run_address>
         <size>0x2</size>
         <input_file_ref idref="fl-2"/>
      </object_component>
      <object_component id="oc-42">
         <name>.text:qeiAIntHandler</name>
         <load_address>0x109c</load_address>
         <run_address>0x109c</run_address>
         <size>0x54</size>
         <input_file_ref idref="fl-3"/>
      </object_component>
      <object_component id="oc-48">
         <name>.text:qeiCIntHandler</name>
         <load_address>0x10f0</load_address>
         <run_address>0x10f0</run_address>
         <size>0x54</size>
         <input_file_ref idref="fl-3"/>
      </object_component>
      <object_component id="oc-24">
         <name>.text</name>
         <load_address>0x1144</load_address>
         <run_address>0x1144</run_address>
         <size>0x50</size>
         <input_file_ref idref="fl-12c"/>
      </object_component>
      <object_component id="oc-f3">
         <name>.text</name>
         <load_address>0x1194</load_address>
         <run_address>0x1194</run_address>
         <size>0x4c</size>
         <input_file_ref idref="fl-13a"/>
      </object_component>
      <object_component id="oc-1a5">
         <name>.text:GPIOPinConfigure</name>
         <load_address>0x11e0</load_address>
         <run_address>0x11e0</run_address>
         <size>0x48</size>
         <input_file_ref idref="fl-140"/>
      </object_component>
      <object_component id="oc-94">
         <name>.text</name>
         <load_address>0x1228</load_address>
         <run_address>0x1228</run_address>
         <size>0x44</size>
         <input_file_ref idref="fl-131"/>
      </object_component>
      <object_component id="oc-23e">
         <name>.text:_GPIOIntNumberGet</name>
         <load_address>0x126c</load_address>
         <run_address>0x126c</run_address>
         <size>0x40</size>
         <input_file_ref idref="fl-140"/>
      </object_component>
      <object_component id="oc-244">
         <name>.text:IntRegister</name>
         <load_address>0x12ac</load_address>
         <run_address>0x12ac</run_address>
         <size>0x34</size>
         <input_file_ref idref="fl-13f"/>
      </object_component>
      <object_component id="oc-199">
         <name>.text:SysCtlPeripheralEnable</name>
         <load_address>0x12e0</load_address>
         <run_address>0x12e0</run_address>
         <size>0x34</size>
         <input_file_ref idref="fl-13d"/>
      </object_component>
      <object_component id="oc-223">
         <name>.text:GPIODirModeSet</name>
         <load_address>0x1314</load_address>
         <run_address>0x1314</run_address>
         <size>0x2a</size>
         <input_file_ref idref="fl-140"/>
      </object_component>
      <object_component id="oc-1b7">
         <name>.text:PWMGenConfigure</name>
         <load_address>0x133e</load_address>
         <run_address>0x133e</run_address>
         <size>0x22</size>
         <input_file_ref idref="fl-13e"/>
      </object_component>
      <object_component id="oc-ce">
         <name>.text:PWMPulseWidthSet</name>
         <load_address>0x1360</load_address>
         <run_address>0x1360</run_address>
         <size>0x1e</size>
         <input_file_ref idref="fl-13e"/>
      </object_component>
      <object_component id="oc-1d6">
         <name>.text:GPIOIntRegister</name>
         <load_address>0x137e</load_address>
         <run_address>0x137e</run_address>
         <size>0x18</size>
         <input_file_ref idref="fl-140"/>
      </object_component>
      <object_component id="oc-8e">
         <name>.text</name>
         <load_address>0x1398</load_address>
         <run_address>0x1398</run_address>
         <size>0x18</size>
         <input_file_ref idref="fl-138"/>
      </object_component>
      <object_component id="oc-193">
         <name>.text:SysCtlPWMClockSet</name>
         <load_address>0x13b0</load_address>
         <run_address>0x13b0</run_address>
         <size>0x14</size>
         <input_file_ref idref="fl-13d"/>
      </object_component>
      <object_component id="oc-166">
         <name>.text</name>
         <load_address>0x13c4</load_address>
         <run_address>0x13c4</run_address>
         <size>0x14</size>
         <input_file_ref idref="fl-137"/>
      </object_component>
      <object_component id="oc-1ca">
         <name>.text:GPIOPinTypeGPIOInput</name>
         <load_address>0x13d8</load_address>
         <run_address>0x13d8</run_address>
         <size>0x12</size>
         <input_file_ref idref="fl-140"/>
      </object_component>
      <object_component id="oc-19f">
         <name>.text:GPIOPinTypePWM</name>
         <load_address>0x13ea</load_address>
         <run_address>0x13ea</run_address>
         <size>0x12</size>
         <input_file_ref idref="fl-140"/>
      </object_component>
      <object_component id="oc-1ab">
         <name>.text:PWMOutputState</name>
         <load_address>0x13fc</load_address>
         <run_address>0x13fc</run_address>
         <size>0x12</size>
         <input_file_ref idref="fl-13e"/>
      </object_component>
      <object_component id="oc-1f1">
         <name>.text:TimerLoadSet</name>
         <load_address>0x140e</load_address>
         <run_address>0x140e</run_address>
         <size>0x12</size>
         <input_file_ref idref="fl-13c"/>
      </object_component>
      <object_component id="oc-134">
         <name>.text:FPUEnable</name>
         <load_address>0x1420</load_address>
         <run_address>0x1420</run_address>
         <size>0x10</size>
         <input_file_ref idref="fl-141"/>
      </object_component>
      <object_component id="oc-13a">
         <name>.text:FPULazyStackingEnable</name>
         <load_address>0x1430</load_address>
         <run_address>0x1430</run_address>
         <size>0x10</size>
         <input_file_ref idref="fl-141"/>
      </object_component>
      <object_component id="oc-1bd">
         <name>.text:PWMGenPeriodSet</name>
         <load_address>0x1440</load_address>
         <run_address>0x1440</run_address>
         <size>0x10</size>
         <input_file_ref idref="fl-13e"/>
      </object_component>
      <object_component id="oc-a2">
         <name>.text:GPIOIntStatus</name>
         <load_address>0x1450</load_address>
         <run_address>0x1450</run_address>
         <size>0xe</size>
         <input_file_ref idref="fl-140"/>
      </object_component>
      <object_component id="oc-203">
         <name>.text:TimerEnable</name>
         <load_address>0x145e</load_address>
         <run_address>0x145e</run_address>
         <size>0xe</size>
         <input_file_ref idref="fl-13c"/>
      </object_component>
      <object_component id="oc-12">
         <name>.text:decompress:none</name>
         <load_address>0x146c</load_address>
         <run_address>0x146c</run_address>
         <size>0xe</size>
         <input_file_ref idref="fl-12d"/>
      </object_component>
      <object_component id="oc-24c">
         <name>.text:CPUcpsie</name>
         <load_address>0x147a</load_address>
         <run_address>0x147a</run_address>
         <size>0xc</size>
         <input_file_ref idref="fl-142"/>
      </object_component>
      <object_component id="oc-1dc">
         <name>.text:GPIOIntEnable</name>
         <load_address>0x1486</load_address>
         <run_address>0x1486</run_address>
         <size>0xc</size>
         <input_file_ref idref="fl-140"/>
      </object_component>
      <object_component id="oc-1c3">
         <name>.text:PWMGenEnable</name>
         <load_address>0x1492</load_address>
         <run_address>0x1492</run_address>
         <size>0xc</size>
         <input_file_ref idref="fl-13e"/>
      </object_component>
      <object_component id="oc-1e">
         <name>.text:decompress:ZI</name>
         <load_address>0x149e</load_address>
         <run_address>0x149e</run_address>
         <size>0xc</size>
         <input_file_ref idref="fl-12f"/>
      </object_component>
      <object_component id="oc-1e5">
         <name>.text:IntMasterEnable</name>
         <load_address>0x14aa</load_address>
         <run_address>0x14aa</run_address>
         <size>0xa</size>
         <input_file_ref idref="fl-13f"/>
      </object_component>
      <object_component id="oc-1fd">
         <name>.text:TimerIntEnable</name>
         <load_address>0x14b4</load_address>
         <run_address>0x14b4</run_address>
         <size>0x8</size>
         <input_file_ref idref="fl-13c"/>
      </object_component>
      <object_component id="oc-a8">
         <name>.text:GPIOIntClear</name>
         <load_address>0x14bc</load_address>
         <run_address>0x14bc</run_address>
         <size>0x6</size>
         <input_file_ref idref="fl-140"/>
      </object_component>
      <object_component id="oc-ae">
         <name>.text:GPIOPinRead</name>
         <load_address>0x14c2</load_address>
         <run_address>0x14c2</run_address>
         <size>0x6</size>
         <input_file_ref idref="fl-140"/>
      </object_component>
      <object_component id="oc-2a">
         <name>.text:ResetISR</name>
         <load_address>0x14c8</load_address>
         <run_address>0x14c8</run_address>
         <size>0x6</size>
         <input_file_ref idref="fl-2"/>
      </object_component>
      <object_component id="oc-183">
         <name>.text:SysCtlDelay</name>
         <load_address>0x14ce</load_address>
         <run_address>0x14ce</run_address>
         <size>0x6</size>
         <input_file_ref idref="fl-13d"/>
      </object_component>
      <object_component id="oc-186">
         <name>.text:UARTClockSourceSet</name>
         <load_address>0x14d4</load_address>
         <run_address>0x14d4</run_address>
         <size>0x6</size>
         <input_file_ref idref="fl-13b"/>
      </object_component>
      <object_component id="oc-18">
         <name>.text:decompress:rle24</name>
         <load_address>0x14da</load_address>
         <run_address>0x14da</run_address>
         <size>0x6</size>
         <input_file_ref idref="fl-12e"/>
      </object_component>
      <object_component id="oc-c8">
         <name>.text:TimerIntClear</name>
         <load_address>0x14e0</load_address>
         <run_address>0x14e0</run_address>
         <size>0x4</size>
         <input_file_ref idref="fl-13c"/>
      </object_component>
      <object_component id="oc-82">
         <name>.text</name>
         <load_address>0x14e4</load_address>
         <run_address>0x14e4</run_address>
         <size>0x4</size>
         <input_file_ref idref="fl-134"/>
      </object_component>
      <object_component id="oc-26d">
         <name>.const:g_ppui32GPIOIntMapBlizzard</name>
         <load_address>0x14e8</load_address>
         <run_address>0x14e8</run_address>
         <size>0xc0</size>
         <input_file_ref idref="fl-140"/>
      </object_component>
      <object_component id="oc-270">
         <name>.const:g_ppui32GPIOIntMapSnowflake</name>
         <load_address>0x15a8</load_address>
         <run_address>0x15a8</run_address>
         <size>0xc0</size>
         <input_file_ref idref="fl-140"/>
      </object_component>
      <object_component id="oc-230">
         <name>.const:g_pui32GPIOBaseAddrs</name>
         <load_address>0x1668</load_address>
         <run_address>0x1668</run_address>
         <size>0x90</size>
         <input_file_ref idref="fl-140"/>
      </object_component>
      <object_component id="oc-255">
         <name>.const</name>
         <load_address>0x16f8</load_address>
         <run_address>0x16f8</run_address>
         <size>0x70</size>
         <input_file_ref idref="fl-13f"/>
      </object_component>
      <object_component id="oc-235">
         <name>.const:g_pui32Xtals</name>
         <load_address>0x1768</load_address>
         <run_address>0x1768</run_address>
         <size>0x6c</size>
         <input_file_ref idref="fl-13d"/>
      </object_component>
      <object_component id="oc-216">
         <name>.const</name>
         <load_address>0x17d4</load_address>
         <run_address>0x17d4</run_address>
         <size>0x1c</size>
         <input_file_ref idref="fl-4"/>
      </object_component>
      <object_component id="oc-25e">
         <name>.const:.string</name>
         <load_address>0x17f0</load_address>
         <run_address>0x17f0</run_address>
         <size>0x12</size>
         <input_file_ref idref="fl-4"/>
      </object_component>
      <object_component id="oc-2a7">
         <name>.cinit..data.load</name>
         <load_address>0x1808</load_address>
         <run_address>0x1808</run_address>
         <size>0x6f</size>
      </object_component>
      <object_component id="oc-2a4">
         <name>__TI_handler_table</name>
         <load_address>0x1878</load_address>
         <run_address>0x1878</run_address>
         <size>0xc</size>
      </object_component>
      <object_component id="oc-2a8">
         <name>.cinit..bss.load</name>
         <load_address>0x1888</load_address>
         <run_address>0x1888</run_address>
         <size>0x8</size>
      </object_component>
      <object_component id="oc-2a6">
         <name>.cinit..vtable.load</name>
         <load_address>0x1890</load_address>
         <run_address>0x1890</run_address>
         <size>0x8</size>
      </object_component>
      <object_component id="oc-2a5">
         <name>__TI_cinit_table</name>
         <load_address>0x1898</load_address>
         <run_address>0x1898</run_address>
         <size>0x18</size>
      </object_component>
      <object_component id="oc-274">
         <name>.vtable</name>
         <uninitialized>true</uninitialized>
         <run_address>0x20000000</run_address>
         <size>0x26c</size>
         <input_file_ref idref="fl-13f"/>
      </object_component>
      <object_component id="oc-29">
         <name>.stack</name>
         <uninitialized>true</uninitialized>
         <run_address>0x2000026c</run_address>
         <size>0x0</size>
         <input_file_ref idref="fl-12c"/>
      </object_component>
      <object_component id="oc-2a9">
         <name>.stack</name>
         <uninitialized>true</uninitialized>
         <run_address>0x2000026c</run_address>
         <size>0x0</size>
      </object_component>
      <object_component id="oc-d6">
         <name>.bss:A_array$13</name>
         <uninitialized>true</uninitialized>
         <run_address>0x200006ec</run_address>
         <size>0x28</size>
         <input_file_ref idref="fl-3"/>
      </object_component>
      <object_component id="oc-d4">
         <name>.common:ui32Load</name>
         <uninitialized>true</uninitialized>
         <run_address>0x20000714</run_address>
         <size>0x4</size>
      </object_component>
      <object_component id="oc-b4">
         <name>.data</name>
         <load_address>0x2000066c</load_address>
         <run_address>0x2000066c</run_address>
         <size>0x64</size>
         <input_file_ref idref="fl-3"/>
      </object_component>
      <object_component id="oc-219">
         <name>.data</name>
         <load_address>0x200006e0</load_address>
         <run_address>0x200006e0</run_address>
         <size>0x5</size>
         <input_file_ref idref="fl-4"/>
      </object_component>
      <object_component id="oc-106">
         <name>.data</name>
         <load_address>0x200006d8</load_address>
         <run_address>0x200006d8</run_address>
         <size>0x8</size>
         <input_file_ref idref="fl-131"/>
      </object_component>
      <object_component id="oc-9a">
         <name>.data</name>
         <load_address>0x200006e8</load_address>
         <run_address>0x200006e8</run_address>
         <size>0x4</size>
         <input_file_ref idref="fl-135"/>
      </object_component>
      <object_component id="oc-103">
         <name>.data</name>
         <load_address>0x200006d0</load_address>
         <run_address>0x200006d0</run_address>
         <size>0x8</size>
         <input_file_ref idref="fl-137"/>
      </object_component>
      <object_component id="oc-5c">
         <name>.debug_info</name>
         <load_address>0x0</load_address>
         <run_address>0x0</run_address>
         <size>0x1a2</size>
         <input_file_ref idref="fl-2"/>
      </object_component>
      <object_component id="oc-10">
         <name>.debug_info</name>
         <load_address>0x1a2</load_address>
         <run_address>0x1a2</run_address>
         <size>0xd7</size>
         <input_file_ref idref="fl-2"/>
      </object_component>
      <object_component id="oc-2b">
         <name>.debug_info</name>
         <load_address>0x279</load_address>
         <run_address>0x279</run_address>
         <size>0x107</size>
         <input_file_ref idref="fl-2"/>
      </object_component>
      <object_component id="oc-31">
         <name>.debug_info</name>
         <load_address>0x380</load_address>
         <run_address>0x380</run_address>
         <size>0xf8</size>
         <input_file_ref idref="fl-2"/>
      </object_component>
      <object_component id="oc-3d">
         <name>.debug_info</name>
         <load_address>0x478</load_address>
         <run_address>0x478</run_address>
         <size>0x110</size>
         <input_file_ref idref="fl-2"/>
      </object_component>
      <object_component id="oc-37">
         <name>.debug_info</name>
         <load_address>0x588</load_address>
         <run_address>0x588</run_address>
         <size>0xfe</size>
         <input_file_ref idref="fl-2"/>
      </object_component>
      <object_component id="oc-da">
         <name>.debug_info</name>
         <load_address>0x686</load_address>
         <run_address>0x686</run_address>
         <size>0x84</size>
         <input_file_ref idref="fl-2"/>
      </object_component>
      <object_component id="oc-bd">
         <name>.debug_info</name>
         <load_address>0x70a</load_address>
         <run_address>0x70a</run_address>
         <size>0x18b</size>
         <input_file_ref idref="fl-2"/>
      </object_component>
      <object_component id="oc-bb">
         <name>.debug_info</name>
         <load_address>0x895</load_address>
         <run_address>0x895</run_address>
         <size>0x70e</size>
         <input_file_ref idref="fl-3"/>
      </object_component>
      <object_component id="oc-b5">
         <name>.debug_info</name>
         <load_address>0xfa3</load_address>
         <run_address>0xfa3</run_address>
         <size>0x1b9</size>
         <input_file_ref idref="fl-3"/>
      </object_component>
      <object_component id="oc-b7">
         <name>.debug_info</name>
         <load_address>0x115c</load_address>
         <run_address>0x115c</run_address>
         <size>0x1c0</size>
         <input_file_ref idref="fl-3"/>
      </object_component>
      <object_component id="oc-49">
         <name>.debug_info</name>
         <load_address>0x131c</load_address>
         <run_address>0x131c</run_address>
         <size>0x1c0</size>
         <input_file_ref idref="fl-3"/>
      </object_component>
      <object_component id="oc-43">
         <name>.debug_info</name>
         <load_address>0x14dc</load_address>
         <run_address>0x14dc</run_address>
         <size>0x1c0</size>
         <input_file_ref idref="fl-3"/>
      </object_component>
      <object_component id="oc-147">
         <name>.debug_info</name>
         <load_address>0x169c</load_address>
         <run_address>0x169c</run_address>
         <size>0x157</size>
         <input_file_ref idref="fl-3"/>
      </object_component>
      <object_component id="oc-14d">
         <name>.debug_info</name>
         <load_address>0x17f3</load_address>
         <run_address>0x17f3</run_address>
         <size>0x3e3</size>
         <input_file_ref idref="fl-3"/>
      </object_component>
      <object_component id="oc-153">
         <name>.debug_info</name>
         <load_address>0x1bd6</load_address>
         <run_address>0x1bd6</run_address>
         <size>0x2d6</size>
         <input_file_ref idref="fl-3"/>
      </object_component>
      <object_component id="oc-159">
         <name>.debug_info</name>
         <load_address>0x1eac</load_address>
         <run_address>0x1eac</run_address>
         <size>0x232</size>
         <input_file_ref idref="fl-3"/>
      </object_component>
      <object_component id="oc-fc">
         <name>.debug_info</name>
         <load_address>0x20de</load_address>
         <run_address>0x20de</run_address>
         <size>0x1bb</size>
         <input_file_ref idref="fl-3"/>
      </object_component>
      <object_component id="oc-55">
         <name>.debug_info</name>
         <load_address>0x2299</load_address>
         <run_address>0x2299</run_address>
         <size>0x1f8</size>
         <input_file_ref idref="fl-3"/>
      </object_component>
      <object_component id="oc-4f">
         <name>.debug_info</name>
         <load_address>0x2491</load_address>
         <run_address>0x2491</run_address>
         <size>0x3b3</size>
         <input_file_ref idref="fl-3"/>
      </object_component>
      <object_component id="oc-c2">
         <name>.debug_info</name>
         <load_address>0x2844</load_address>
         <run_address>0x2844</run_address>
         <size>0x8b</size>
         <input_file_ref idref="fl-3"/>
      </object_component>
      <object_component id="oc-220">
         <name>.debug_info</name>
         <load_address>0x28cf</load_address>
         <run_address>0x28cf</run_address>
         <size>0x115</size>
         <input_file_ref idref="fl-4"/>
      </object_component>
      <object_component id="oc-21a">
         <name>.debug_info</name>
         <load_address>0x29e4</load_address>
         <run_address>0x29e4</run_address>
         <size>0xf7</size>
         <input_file_ref idref="fl-4"/>
      </object_component>
      <object_component id="oc-217">
         <name>.debug_info</name>
         <load_address>0x2adb</load_address>
         <run_address>0x2adb</run_address>
         <size>0x14d</size>
         <input_file_ref idref="fl-4"/>
      </object_component>
      <object_component id="oc-21c">
         <name>.debug_info</name>
         <load_address>0x2c28</load_address>
         <run_address>0x2c28</run_address>
         <size>0x239</size>
         <input_file_ref idref="fl-4"/>
      </object_component>
      <object_component id="oc-18d">
         <name>.debug_info</name>
         <load_address>0x2e61</load_address>
         <run_address>0x2e61</run_address>
         <size>0x255</size>
         <input_file_ref idref="fl-4"/>
      </object_component>
      <object_component id="oc-26">
         <name>.debug_info</name>
         <load_address>0x30b6</load_address>
         <run_address>0x30b6</run_address>
         <size>0x138</size>
         <input_file_ref idref="fl-12c"/>
      </object_component>
      <object_component id="oc-68">
         <name>.debug_info</name>
         <load_address>0x31ee</load_address>
         <run_address>0x31ee</run_address>
         <size>0x123</size>
         <input_file_ref idref="fl-12d"/>
      </object_component>
      <object_component id="oc-14">
         <name>.debug_info</name>
         <load_address>0x3311</load_address>
         <run_address>0x3311</run_address>
         <size>0x1c2</size>
         <input_file_ref idref="fl-12d"/>
      </object_component>
      <object_component id="oc-63">
         <name>.debug_info</name>
         <load_address>0x34d3</load_address>
         <run_address>0x34d3</run_address>
         <size>0x46</size>
         <input_file_ref idref="fl-12d"/>
      </object_component>
      <object_component id="oc-e0">
         <name>.debug_info</name>
         <load_address>0x3519</load_address>
         <run_address>0x3519</run_address>
         <size>0x2c</size>
         <input_file_ref idref="fl-12d"/>
      </object_component>
      <object_component id="oc-70">
         <name>.debug_info</name>
         <load_address>0x3545</load_address>
         <run_address>0x3545</run_address>
         <size>0x117</size>
         <input_file_ref idref="fl-12e"/>
      </object_component>
      <object_component id="oc-6a">
         <name>.debug_info</name>
         <load_address>0x365c</load_address>
         <run_address>0x365c</run_address>
         <size>0x22a</size>
         <input_file_ref idref="fl-12e"/>
      </object_component>
      <object_component id="oc-19">
         <name>.debug_info</name>
         <load_address>0x3886</load_address>
         <run_address>0x3886</run_address>
         <size>0x1bc</size>
         <input_file_ref idref="fl-12e"/>
      </object_component>
      <object_component id="oc-71">
         <name>.debug_info</name>
         <load_address>0x3a42</load_address>
         <run_address>0x3a42</run_address>
         <size>0x39</size>
         <input_file_ref idref="fl-12e"/>
      </object_component>
      <object_component id="oc-ea">
         <name>.debug_info</name>
         <load_address>0x3a7b</load_address>
         <run_address>0x3a7b</run_address>
         <size>0x2c</size>
         <input_file_ref idref="fl-12e"/>
      </object_component>
      <object_component id="oc-81">
         <name>.debug_info</name>
         <load_address>0x3aa7</load_address>
         <run_address>0x3aa7</run_address>
         <size>0x112</size>
         <input_file_ref idref="fl-12f"/>
      </object_component>
      <object_component id="oc-1f">
         <name>.debug_info</name>
         <load_address>0x3bb9</load_address>
         <run_address>0x3bb9</run_address>
         <size>0x18d</size>
         <input_file_ref idref="fl-12f"/>
      </object_component>
      <object_component id="oc-7c">
         <name>.debug_info</name>
         <load_address>0x3d46</load_address>
         <run_address>0x3d46</run_address>
         <size>0x46</size>
         <input_file_ref idref="fl-12f"/>
      </object_component>
      <object_component id="oc-10a">
         <name>.debug_info</name>
         <load_address>0x3d8c</load_address>
         <run_address>0x3d8c</run_address>
         <size>0x174</size>
         <input_file_ref idref="fl-131"/>
      </object_component>
      <object_component id="oc-107">
         <name>.debug_info</name>
         <load_address>0x3f00</load_address>
         <run_address>0x3f00</run_address>
         <size>0x119</size>
         <input_file_ref idref="fl-131"/>
      </object_component>
      <object_component id="oc-95">
         <name>.debug_info</name>
         <load_address>0x4019</load_address>
         <run_address>0x4019</run_address>
         <size>0x1f0</size>
         <input_file_ref idref="fl-131"/>
      </object_component>
      <object_component id="oc-5f">
         <name>.debug_info</name>
         <load_address>0x4209</load_address>
         <run_address>0x4209</run_address>
         <size>0xfa</size>
         <input_file_ref idref="fl-132"/>
      </object_component>
      <object_component id="oc-77">
         <name>.debug_info</name>
         <load_address>0x4303</load_address>
         <run_address>0x4303</run_address>
         <size>0x12a</size>
         <input_file_ref idref="fl-133"/>
      </object_component>
      <object_component id="oc-83">
         <name>.debug_info</name>
         <load_address>0x442d</load_address>
         <run_address>0x442d</run_address>
         <size>0x12b</size>
         <input_file_ref idref="fl-134"/>
      </object_component>
      <object_component id="oc-9b">
         <name>.debug_info</name>
         <load_address>0x4558</load_address>
         <run_address>0x4558</run_address>
         <size>0xec</size>
         <input_file_ref idref="fl-135"/>
      </object_component>
      <object_component id="oc-16e">
         <name>.debug_info</name>
         <load_address>0x4644</load_address>
         <run_address>0x4644</run_address>
         <size>0x107</size>
         <input_file_ref idref="fl-137"/>
      </object_component>
      <object_component id="oc-104">
         <name>.debug_info</name>
         <load_address>0x474b</load_address>
         <run_address>0x474b</run_address>
         <size>0xf6</size>
         <input_file_ref idref="fl-137"/>
      </object_component>
      <object_component id="oc-167">
         <name>.debug_info</name>
         <load_address>0x4841</load_address>
         <run_address>0x4841</run_address>
         <size>0x202</size>
         <input_file_ref idref="fl-137"/>
      </object_component>
      <object_component id="oc-102">
         <name>.debug_info</name>
         <load_address>0x4a43</load_address>
         <run_address>0x4a43</run_address>
         <size>0x149</size>
         <input_file_ref idref="fl-138"/>
      </object_component>
      <object_component id="oc-8f">
         <name>.debug_info</name>
         <load_address>0x4b8c</load_address>
         <run_address>0x4b8c</run_address>
         <size>0x14a</size>
         <input_file_ref idref="fl-138"/>
      </object_component>
      <object_component id="oc-161">
         <name>.debug_info</name>
         <load_address>0x4cd6</load_address>
         <run_address>0x4cd6</run_address>
         <size>0x5e</size>
         <input_file_ref idref="fl-138"/>
      </object_component>
      <object_component id="oc-fa">
         <name>.debug_info</name>
         <load_address>0x4d34</load_address>
         <run_address>0x4d34</run_address>
         <size>0x2a0</size>
         <input_file_ref idref="fl-139"/>
      </object_component>
      <object_component id="oc-89">
         <name>.debug_info</name>
         <load_address>0x4fd4</load_address>
         <run_address>0x4fd4</run_address>
         <size>0x15a</size>
         <input_file_ref idref="fl-139"/>
      </object_component>
      <object_component id="oc-12a">
         <name>.debug_info</name>
         <load_address>0x512e</load_address>
         <run_address>0x512e</run_address>
         <size>0x39</size>
         <input_file_ref idref="fl-139"/>
      </object_component>
      <object_component id="oc-12f">
         <name>.debug_info</name>
         <load_address>0x5167</load_address>
         <run_address>0x5167</run_address>
         <size>0xcd</size>
         <input_file_ref idref="fl-139"/>
      </object_component>
      <object_component id="oc-127">
         <name>.debug_info</name>
         <load_address>0x5234</load_address>
         <run_address>0x5234</run_address>
         <size>0x1c3</size>
         <input_file_ref idref="fl-13a"/>
      </object_component>
      <object_component id="oc-f4">
         <name>.debug_info</name>
         <load_address>0x53f7</load_address>
         <run_address>0x53f7</run_address>
         <size>0x17f</size>
         <input_file_ref idref="fl-13a"/>
      </object_component>
      <object_component id="oc-17c">
         <name>.debug_info</name>
         <load_address>0x5576</load_address>
         <run_address>0x5576</run_address>
         <size>0x2c</size>
         <input_file_ref idref="fl-13a"/>
      </object_component>
      <object_component id="oc-215">
         <name>.debug_info</name>
         <load_address>0x55a2</load_address>
         <run_address>0x55a2</run_address>
         <size>0x1ce</size>
         <input_file_ref idref="fl-13b"/>
      </object_component>
      <object_component id="oc-187">
         <name>.debug_info</name>
         <load_address>0x5770</load_address>
         <run_address>0x5770</run_address>
         <size>0x1f5</size>
         <input_file_ref idref="fl-13b"/>
      </object_component>
      <object_component id="oc-114">
         <name>.debug_info</name>
         <load_address>0x5965</load_address>
         <run_address>0x5965</run_address>
         <size>0x90</size>
         <input_file_ref idref="fl-13b"/>
      </object_component>
      <object_component id="oc-10f">
         <name>.debug_info</name>
         <load_address>0x59f5</load_address>
         <run_address>0x59f5</run_address>
         <size>0x18b</size>
         <input_file_ref idref="fl-13b"/>
      </object_component>
      <object_component id="oc-123">
         <name>.debug_info</name>
         <load_address>0x5b80</load_address>
         <run_address>0x5b80</run_address>
         <size>0x1cf</size>
         <input_file_ref idref="fl-13c"/>
      </object_component>
      <object_component id="oc-1f2">
         <name>.debug_info</name>
         <load_address>0x5d4f</load_address>
         <run_address>0x5d4f</run_address>
         <size>0x21e</size>
         <input_file_ref idref="fl-13c"/>
      </object_component>
      <object_component id="oc-1fe">
         <name>.debug_info</name>
         <load_address>0x5f6d</load_address>
         <run_address>0x5f6d</run_address>
         <size>0x1f8</size>
         <input_file_ref idref="fl-13c"/>
      </object_component>
      <object_component id="oc-c9">
         <name>.debug_info</name>
         <load_address>0x6165</load_address>
         <run_address>0x6165</run_address>
         <size>0x1f6</size>
         <input_file_ref idref="fl-13c"/>
      </object_component>
      <object_component id="oc-204">
         <name>.debug_info</name>
         <load_address>0x635b</load_address>
         <run_address>0x635b</run_address>
         <size>0x1e3</size>
         <input_file_ref idref="fl-13c"/>
      </object_component>
      <object_component id="oc-1ec">
         <name>.debug_info</name>
         <load_address>0x653e</load_address>
         <run_address>0x653e</run_address>
         <size>0x1f0</size>
         <input_file_ref idref="fl-13c"/>
      </object_component>
      <object_component id="oc-185">
         <name>.debug_info</name>
         <load_address>0x672e</load_address>
         <run_address>0x672e</run_address>
         <size>0x226</size>
         <input_file_ref idref="fl-13d"/>
      </object_component>
      <object_component id="oc-236">
         <name>.debug_info</name>
         <load_address>0x6954</load_address>
         <run_address>0x6954</run_address>
         <size>0xff</size>
         <input_file_ref idref="fl-13d"/>
      </object_component>
      <object_component id="oc-19a">
         <name>.debug_info</name>
         <load_address>0x6a53</load_address>
         <run_address>0x6a53</run_address>
         <size>0x1e1</size>
         <input_file_ref idref="fl-13d"/>
      </object_component>
      <object_component id="oc-194">
         <name>.debug_info</name>
         <load_address>0x6c34</load_address>
         <run_address>0x6c34</run_address>
         <size>0x1c7</size>
         <input_file_ref idref="fl-13d"/>
      </object_component>
      <object_component id="oc-141">
         <name>.debug_info</name>
         <load_address>0x6dfb</load_address>
         <run_address>0x6dfb</run_address>
         <size>0x363</size>
         <input_file_ref idref="fl-13d"/>
      </object_component>
      <object_component id="oc-1b2">
         <name>.debug_info</name>
         <load_address>0x715e</load_address>
         <run_address>0x715e</run_address>
         <size>0x219</size>
         <input_file_ref idref="fl-13d"/>
      </object_component>
      <object_component id="oc-20f">
         <name>.debug_info</name>
         <load_address>0x7377</load_address>
         <run_address>0x7377</run_address>
         <size>0x5f</size>
         <input_file_ref idref="fl-13d"/>
      </object_component>
      <object_component id="oc-125">
         <name>.debug_info</name>
         <load_address>0x73d6</load_address>
         <run_address>0x73d6</run_address>
         <size>0x194</size>
         <input_file_ref idref="fl-13e"/>
      </object_component>
      <object_component id="oc-cf">
         <name>.debug_info</name>
         <load_address>0x756a</load_address>
         <run_address>0x756a</run_address>
         <size>0x25a</size>
         <input_file_ref idref="fl-13e"/>
      </object_component>
      <object_component id="oc-1ac">
         <name>.debug_info</name>
         <load_address>0x77c4</load_address>
         <run_address>0x77c4</run_address>
         <size>0x228</size>
         <input_file_ref idref="fl-13e"/>
      </object_component>
      <object_component id="oc-1be">
         <name>.debug_info</name>
         <load_address>0x79ec</load_address>
         <run_address>0x79ec</run_address>
         <size>0x21a</size>
         <input_file_ref idref="fl-13e"/>
      </object_component>
      <object_component id="oc-1c5">
         <name>.debug_info</name>
         <load_address>0x7c06</load_address>
         <run_address>0x7c06</run_address>
         <size>0x1da</size>
         <input_file_ref idref="fl-13e"/>
      </object_component>
      <object_component id="oc-1b9">
         <name>.debug_info</name>
         <load_address>0x7de0</load_address>
         <run_address>0x7de0</run_address>
         <size>0x217</size>
         <input_file_ref idref="fl-13e"/>
      </object_component>
      <object_component id="oc-259">
         <name>.debug_info</name>
         <load_address>0x7ff7</load_address>
         <run_address>0x7ff7</run_address>
         <size>0x1ba</size>
         <input_file_ref idref="fl-13f"/>
      </object_component>
      <object_component id="oc-256">
         <name>.debug_info</name>
         <load_address>0x81b1</load_address>
         <run_address>0x81b1</run_address>
         <size>0x1c2</size>
         <input_file_ref idref="fl-13f"/>
      </object_component>
      <object_component id="oc-275">
         <name>.debug_info</name>
         <load_address>0x8373</load_address>
         <run_address>0x8373</run_address>
         <size>0x109</size>
         <input_file_ref idref="fl-13f"/>
      </object_component>
      <object_component id="oc-245">
         <name>.debug_info</name>
         <load_address>0x847c</load_address>
         <run_address>0x847c</run_address>
         <size>0x2b0</size>
         <input_file_ref idref="fl-13f"/>
      </object_component>
      <object_component id="oc-1e6">
         <name>.debug_info</name>
         <load_address>0x872c</load_address>
         <run_address>0x872c</run_address>
         <size>0x1a2</size>
         <input_file_ref idref="fl-13f"/>
      </object_component>
      <object_component id="oc-1f8">
         <name>.debug_info</name>
         <load_address>0x88ce</load_address>
         <run_address>0x88ce</run_address>
         <size>0x1cc</size>
         <input_file_ref idref="fl-13f"/>
      </object_component>
      <object_component id="oc-119">
         <name>.debug_info</name>
         <load_address>0x8a9a</load_address>
         <run_address>0x8a9a</run_address>
         <size>0x1d7</size>
         <input_file_ref idref="fl-140"/>
      </object_component>
      <object_component id="oc-26e">
         <name>.debug_info</name>
         <load_address>0x8c71</load_address>
         <run_address>0x8c71</run_address>
         <size>0x119</size>
         <input_file_ref idref="fl-140"/>
      </object_component>
      <object_component id="oc-271">
         <name>.debug_info</name>
         <load_address>0x8d8a</load_address>
         <run_address>0x8d8a</run_address>
         <size>0x11b</size>
         <input_file_ref idref="fl-140"/>
      </object_component>
      <object_component id="oc-231">
         <name>.debug_info</name>
         <load_address>0x8ea5</load_address>
         <run_address>0x8ea5</run_address>
         <size>0x10d</size>
         <input_file_ref idref="fl-140"/>
      </object_component>
      <object_component id="oc-224">
         <name>.debug_info</name>
         <load_address>0x8fb2</load_address>
         <run_address>0x8fb2</run_address>
         <size>0x217</size>
         <input_file_ref idref="fl-140"/>
      </object_component>
      <object_component id="oc-22a">
         <name>.debug_info</name>
         <load_address>0x91c9</load_address>
         <run_address>0x91c9</run_address>
         <size>0x312</size>
         <input_file_ref idref="fl-140"/>
      </object_component>
      <object_component id="oc-1a0">
         <name>.debug_info</name>
         <load_address>0x94db</load_address>
         <run_address>0x94db</run_address>
         <size>0x1dd</size>
         <input_file_ref idref="fl-140"/>
      </object_component>
      <object_component id="oc-1cb">
         <name>.debug_info</name>
         <load_address>0x96b8</load_address>
         <run_address>0x96b8</run_address>
         <size>0x1e9</size>
         <input_file_ref idref="fl-140"/>
      </object_component>
      <object_component id="oc-af">
         <name>.debug_info</name>
         <load_address>0x98a1</load_address>
         <run_address>0x98a1</run_address>
         <size>0x1df</size>
         <input_file_ref idref="fl-140"/>
      </object_component>
      <object_component id="oc-1a6">
         <name>.debug_info</name>
         <load_address>0x9a80</load_address>
         <run_address>0x9a80</run_address>
         <size>0x1e4</size>
         <input_file_ref idref="fl-140"/>
      </object_component>
      <object_component id="oc-23f">
         <name>.debug_info</name>
         <load_address>0x9c64</load_address>
         <run_address>0x9c64</run_address>
         <size>0x26f</size>
         <input_file_ref idref="fl-140"/>
      </object_component>
      <object_component id="oc-1d1">
         <name>.debug_info</name>
         <load_address>0x9ed3</load_address>
         <run_address>0x9ed3</run_address>
         <size>0x21f</size>
         <input_file_ref idref="fl-140"/>
      </object_component>
      <object_component id="oc-a3">
         <name>.debug_info</name>
         <load_address>0xa0f2</load_address>
         <run_address>0xa0f2</run_address>
         <size>0x1e3</size>
         <input_file_ref idref="fl-140"/>
      </object_component>
      <object_component id="oc-1d7">
         <name>.debug_info</name>
         <load_address>0xa2d5</load_address>
         <run_address>0xa2d5</run_address>
         <size>0x1f9</size>
         <input_file_ref idref="fl-140"/>
      </object_component>
      <object_component id="oc-1dd">
         <name>.debug_info</name>
         <load_address>0xa4ce</load_address>
         <run_address>0xa4ce</run_address>
         <size>0x1f3</size>
         <input_file_ref idref="fl-140"/>
      </object_component>
      <object_component id="oc-a9">
         <name>.debug_info</name>
         <load_address>0xa6c1</load_address>
         <run_address>0xa6c1</run_address>
         <size>0x1f1</size>
         <input_file_ref idref="fl-140"/>
      </object_component>
      <object_component id="oc-13b">
         <name>.debug_info</name>
         <load_address>0xa8b2</load_address>
         <run_address>0xa8b2</run_address>
         <size>0x189</size>
         <input_file_ref idref="fl-141"/>
      </object_component>
      <object_component id="oc-135">
         <name>.debug_info</name>
         <load_address>0xaa3b</load_address>
         <run_address>0xaa3b</run_address>
         <size>0x171</size>
         <input_file_ref idref="fl-141"/>
      </object_component>
      <object_component id="oc-24d">
         <name>.debug_info</name>
         <load_address>0xabac</load_address>
         <run_address>0xabac</run_address>
         <size>0x176</size>
         <input_file_ref idref="fl-142"/>
      </object_component>
      <object_component id="oc-2aa">
         <name>.debug_info</name>
         <load_address>0xad22</load_address>
         <run_address>0xad22</run_address>
         <size>0x9e</size>
      </object_component>
      <object_component id="oc-d9">
         <name>.debug_line</name>
         <load_address>0x0</load_address>
         <run_address>0x0</run_address>
         <size>0x34</size>
         <input_file_ref idref="fl-2"/>
      </object_component>
      <object_component id="oc-5b">
         <name>.debug_line</name>
         <load_address>0x34</load_address>
         <run_address>0x34</run_address>
         <size>0x34</size>
         <input_file_ref idref="fl-2"/>
      </object_component>
      <object_component id="oc-2e">
         <name>.debug_line</name>
         <load_address>0x68</load_address>
         <run_address>0x68</run_address>
         <size>0x46</size>
         <input_file_ref idref="fl-2"/>
      </object_component>
      <object_component id="oc-34">
         <name>.debug_line</name>
         <load_address>0xae</load_address>
         <run_address>0xae</run_address>
         <size>0x49</size>
         <input_file_ref idref="fl-2"/>
      </object_component>
      <object_component id="oc-40">
         <name>.debug_line</name>
         <load_address>0xf7</load_address>
         <run_address>0xf7</run_address>
         <size>0x49</size>
         <input_file_ref idref="fl-2"/>
      </object_component>
      <object_component id="oc-3a">
         <name>.debug_line</name>
         <load_address>0x140</load_address>
         <run_address>0x140</run_address>
         <size>0x49</size>
         <input_file_ref idref="fl-2"/>
      </object_component>
      <object_component id="oc-dd">
         <name>.debug_line</name>
         <load_address>0x189</load_address>
         <run_address>0x189</run_address>
         <size>0x20</size>
         <input_file_ref idref="fl-2"/>
      </object_component>
      <object_component id="oc-c0">
         <name>.debug_line</name>
         <load_address>0x1a9</load_address>
         <run_address>0x1a9</run_address>
         <size>0x60</size>
         <input_file_ref idref="fl-2"/>
      </object_component>
      <object_component id="oc-121">
         <name>.debug_line</name>
         <load_address>0x209</load_address>
         <run_address>0x209</run_address>
         <size>0x1f6</size>
         <input_file_ref idref="fl-3"/>
      </object_component>
      <object_component id="oc-11d">
         <name>.debug_line</name>
         <load_address>0x3ff</load_address>
         <run_address>0x3ff</run_address>
         <size>0x2f</size>
         <input_file_ref idref="fl-3"/>
      </object_component>
      <object_component id="oc-11f">
         <name>.debug_line</name>
         <load_address>0x42e</load_address>
         <run_address>0x42e</run_address>
         <size>0x62</size>
         <input_file_ref idref="fl-3"/>
      </object_component>
      <object_component id="oc-4c">
         <name>.debug_line</name>
         <load_address>0x490</load_address>
         <run_address>0x490</run_address>
         <size>0x5b</size>
         <input_file_ref idref="fl-3"/>
      </object_component>
      <object_component id="oc-46">
         <name>.debug_line</name>
         <load_address>0x4eb</load_address>
         <run_address>0x4eb</run_address>
         <size>0x56</size>
         <input_file_ref idref="fl-3"/>
      </object_component>
      <object_component id="oc-14a">
         <name>.debug_line</name>
         <load_address>0x541</load_address>
         <run_address>0x541</run_address>
         <size>0x4a</size>
         <input_file_ref idref="fl-3"/>
      </object_component>
      <object_component id="oc-150">
         <name>.debug_line</name>
         <load_address>0x58b</load_address>
         <run_address>0x58b</run_address>
         <size>0x71</size>
         <input_file_ref idref="fl-3"/>
      </object_component>
      <object_component id="oc-156">
         <name>.debug_line</name>
         <load_address>0x5fc</load_address>
         <run_address>0x5fc</run_address>
         <size>0x6c</size>
         <input_file_ref idref="fl-3"/>
      </object_component>
      <object_component id="oc-15c">
         <name>.debug_line</name>
         <load_address>0x668</load_address>
         <run_address>0x668</run_address>
         <size>0x53</size>
         <input_file_ref idref="fl-3"/>
      </object_component>
      <object_component id="oc-ff">
         <name>.debug_line</name>
         <load_address>0x6bb</load_address>
         <run_address>0x6bb</run_address>
         <size>0x65</size>
         <input_file_ref idref="fl-3"/>
      </object_component>
      <object_component id="oc-58">
         <name>.debug_line</name>
         <load_address>0x720</load_address>
         <run_address>0x720</run_address>
         <size>0xae</size>
         <input_file_ref idref="fl-3"/>
      </object_component>
      <object_component id="oc-52">
         <name>.debug_line</name>
         <load_address>0x7ce</load_address>
         <run_address>0x7ce</run_address>
         <size>0x100</size>
         <input_file_ref idref="fl-3"/>
      </object_component>
      <object_component id="oc-c5">
         <name>.debug_line</name>
         <load_address>0x8ce</load_address>
         <run_address>0x8ce</run_address>
         <size>0x20</size>
         <input_file_ref idref="fl-3"/>
      </object_component>
      <object_component id="oc-266">
         <name>.debug_line</name>
         <load_address>0x8ee</load_address>
         <run_address>0x8ee</run_address>
         <size>0x20</size>
         <input_file_ref idref="fl-4"/>
      </object_component>
      <object_component id="oc-262">
         <name>.debug_line</name>
         <load_address>0x90e</load_address>
         <run_address>0x90e</run_address>
         <size>0x59</size>
         <input_file_ref idref="fl-4"/>
      </object_component>
      <object_component id="oc-260">
         <name>.debug_line</name>
         <load_address>0x967</load_address>
         <run_address>0x967</run_address>
         <size>0x59</size>
         <input_file_ref idref="fl-4"/>
      </object_component>
      <object_component id="oc-264">
         <name>.debug_line</name>
         <load_address>0x9c0</load_address>
         <run_address>0x9c0</run_address>
         <size>0xb1</size>
         <input_file_ref idref="fl-4"/>
      </object_component>
      <object_component id="oc-190">
         <name>.debug_line</name>
         <load_address>0xa71</load_address>
         <run_address>0xa71</run_address>
         <size>0x7a</size>
         <input_file_ref idref="fl-4"/>
      </object_component>
      <object_component id="oc-25">
         <name>.debug_line</name>
         <load_address>0xaeb</load_address>
         <run_address>0xaeb</run_address>
         <size>0x52</size>
         <input_file_ref idref="fl-12c"/>
      </object_component>
      <object_component id="oc-e6">
         <name>.debug_line</name>
         <load_address>0xb3d</load_address>
         <run_address>0xb3d</run_address>
         <size>0x72</size>
         <input_file_ref idref="fl-12d"/>
      </object_component>
      <object_component id="oc-17">
         <name>.debug_line</name>
         <load_address>0xbaf</load_address>
         <run_address>0xbaf</run_address>
         <size>0x55</size>
         <input_file_ref idref="fl-12d"/>
      </object_component>
      <object_component id="oc-66">
         <name>.debug_line</name>
         <load_address>0xc04</load_address>
         <run_address>0xc04</run_address>
         <size>0x3a</size>
         <input_file_ref idref="fl-12d"/>
      </object_component>
      <object_component id="oc-e3">
         <name>.debug_line</name>
         <load_address>0xc3e</load_address>
         <run_address>0xc3e</run_address>
         <size>0x72</size>
         <input_file_ref idref="fl-12d"/>
      </object_component>
      <object_component id="oc-e9">
         <name>.debug_line</name>
         <load_address>0xcb0</load_address>
         <run_address>0xcb0</run_address>
         <size>0x72</size>
         <input_file_ref idref="fl-12e"/>
      </object_component>
      <object_component id="oc-6d">
         <name>.debug_line</name>
         <load_address>0xd22</load_address>
         <run_address>0xd22</run_address>
         <size>0x98</size>
         <input_file_ref idref="fl-12e"/>
      </object_component>
      <object_component id="oc-1c">
         <name>.debug_line</name>
         <load_address>0xdba</load_address>
         <run_address>0xdba</run_address>
         <size>0x4b</size>
         <input_file_ref idref="fl-12e"/>
      </object_component>
      <object_component id="oc-74">
         <name>.debug_line</name>
         <load_address>0xe05</load_address>
         <run_address>0xe05</run_address>
         <size>0x39</size>
         <input_file_ref idref="fl-12e"/>
      </object_component>
      <object_component id="oc-ed">
         <name>.debug_line</name>
         <load_address>0xe3e</load_address>
         <run_address>0xe3e</run_address>
         <size>0x72</size>
         <input_file_ref idref="fl-12e"/>
      </object_component>
      <object_component id="oc-f1">
         <name>.debug_line</name>
         <load_address>0xeb0</load_address>
         <run_address>0xeb0</run_address>
         <size>0x72</size>
         <input_file_ref idref="fl-12f"/>
      </object_component>
      <object_component id="oc-22">
         <name>.debug_line</name>
         <load_address>0xf22</load_address>
         <run_address>0xf22</run_address>
         <size>0x4f</size>
         <input_file_ref idref="fl-12f"/>
      </object_component>
      <object_component id="oc-7f">
         <name>.debug_line</name>
         <load_address>0xf71</load_address>
         <run_address>0xf71</run_address>
         <size>0x34</size>
         <input_file_ref idref="fl-12f"/>
      </object_component>
      <object_component id="oc-173">
         <name>.debug_line</name>
         <load_address>0xfa5</load_address>
         <run_address>0xfa5</run_address>
         <size>0x71</size>
         <input_file_ref idref="fl-131"/>
      </object_component>
      <object_component id="oc-171">
         <name>.debug_line</name>
         <load_address>0x1016</load_address>
         <run_address>0x1016</run_address>
         <size>0x2a</size>
         <input_file_ref idref="fl-131"/>
      </object_component>
      <object_component id="oc-98">
         <name>.debug_line</name>
         <load_address>0x1040</load_address>
         <run_address>0x1040</run_address>
         <size>0x7a</size>
         <input_file_ref idref="fl-131"/>
      </object_component>
      <object_component id="oc-5e">
         <name>.debug_line</name>
         <load_address>0x10ba</load_address>
         <run_address>0x10ba</run_address>
         <size>0x88</size>
         <input_file_ref idref="fl-132"/>
      </object_component>
      <object_component id="oc-7a">
         <name>.debug_line</name>
         <load_address>0x1142</load_address>
         <run_address>0x1142</run_address>
         <size>0x79</size>
         <input_file_ref idref="fl-133"/>
      </object_component>
      <object_component id="oc-86">
         <name>.debug_line</name>
         <load_address>0x11bb</load_address>
         <run_address>0x11bb</run_address>
         <size>0x40</size>
         <input_file_ref idref="fl-134"/>
      </object_component>
      <object_component id="oc-10d">
         <name>.debug_line</name>
         <load_address>0x11fb</load_address>
         <run_address>0x11fb</run_address>
         <size>0x33</size>
         <input_file_ref idref="fl-135"/>
      </object_component>
      <object_component id="oc-20c">
         <name>.debug_line</name>
         <load_address>0x122e</load_address>
         <run_address>0x122e</run_address>
         <size>0x20</size>
         <input_file_ref idref="fl-137"/>
      </object_component>
      <object_component id="oc-16d">
         <name>.debug_line</name>
         <load_address>0x124e</load_address>
         <run_address>0x124e</run_address>
         <size>0x2b</size>
         <input_file_ref idref="fl-137"/>
      </object_component>
      <object_component id="oc-16a">
         <name>.debug_line</name>
         <load_address>0x1279</load_address>
         <run_address>0x1279</run_address>
         <size>0x68</size>
         <input_file_ref idref="fl-137"/>
      </object_component>
      <object_component id="oc-160">
         <name>.debug_line</name>
         <load_address>0x12e1</load_address>
         <run_address>0x12e1</run_address>
         <size>0x2b</size>
         <input_file_ref idref="fl-138"/>
      </object_component>
      <object_component id="oc-92">
         <name>.debug_line</name>
         <load_address>0x130c</load_address>
         <run_address>0x130c</run_address>
         <size>0x50</size>
         <input_file_ref idref="fl-138"/>
      </object_component>
      <object_component id="oc-164">
         <name>.debug_line</name>
         <load_address>0x135c</load_address>
         <run_address>0x135c</run_address>
         <size>0x2b</size>
         <input_file_ref idref="fl-138"/>
      </object_component>
      <object_component id="oc-129">
         <name>.debug_line</name>
         <load_address>0x1387</load_address>
         <run_address>0x1387</run_address>
         <size>0x81</size>
         <input_file_ref idref="fl-139"/>
      </object_component>
      <object_component id="oc-8c">
         <name>.debug_line</name>
         <load_address>0x1408</load_address>
         <run_address>0x1408</run_address>
         <size>0x79</size>
         <input_file_ref idref="fl-139"/>
      </object_component>
      <object_component id="oc-12d">
         <name>.debug_line</name>
         <load_address>0x1481</load_address>
         <run_address>0x1481</run_address>
         <size>0x2e</size>
         <input_file_ref idref="fl-139"/>
      </object_component>
      <object_component id="oc-132">
         <name>.debug_line</name>
         <load_address>0x14af</load_address>
         <run_address>0x14af</run_address>
         <size>0x73</size>
         <input_file_ref idref="fl-139"/>
      </object_component>
      <object_component id="oc-17b">
         <name>.debug_line</name>
         <load_address>0x1522</load_address>
         <run_address>0x1522</run_address>
         <size>0x80</size>
         <input_file_ref idref="fl-13a"/>
      </object_component>
      <object_component id="oc-f7">
         <name>.debug_line</name>
         <load_address>0x15a2</load_address>
         <run_address>0x15a2</run_address>
         <size>0x68</size>
         <input_file_ref idref="fl-13a"/>
      </object_component>
      <object_component id="oc-17f">
         <name>.debug_line</name>
         <load_address>0x160a</load_address>
         <run_address>0x160a</run_address>
         <size>0x2e</size>
         <input_file_ref idref="fl-13a"/>
      </object_component>
      <object_component id="oc-25d">
         <name>.debug_line</name>
         <load_address>0x1638</load_address>
         <run_address>0x1638</run_address>
         <size>0x5b</size>
         <input_file_ref idref="fl-13b"/>
      </object_component>
      <object_component id="oc-18a">
         <name>.debug_line</name>
         <load_address>0x1693</load_address>
         <run_address>0x1693</run_address>
         <size>0x6b</size>
         <input_file_ref idref="fl-13b"/>
      </object_component>
      <object_component id="oc-117">
         <name>.debug_line</name>
         <load_address>0x16fe</load_address>
         <run_address>0x16fe</run_address>
         <size>0x20</size>
         <input_file_ref idref="fl-13b"/>
      </object_component>
      <object_component id="oc-112">
         <name>.debug_line</name>
         <load_address>0x171e</load_address>
         <run_address>0x171e</run_address>
         <size>0x5e</size>
         <input_file_ref idref="fl-13b"/>
      </object_component>
      <object_component id="oc-177">
         <name>.debug_line</name>
         <load_address>0x177c</load_address>
         <run_address>0x177c</run_address>
         <size>0x5b</size>
         <input_file_ref idref="fl-13c"/>
      </object_component>
      <object_component id="oc-1f5">
         <name>.debug_line</name>
         <load_address>0x17d7</load_address>
         <run_address>0x17d7</run_address>
         <size>0x75</size>
         <input_file_ref idref="fl-13c"/>
      </object_component>
      <object_component id="oc-201">
         <name>.debug_line</name>
         <load_address>0x184c</load_address>
         <run_address>0x184c</run_address>
         <size>0x6c</size>
         <input_file_ref idref="fl-13c"/>
      </object_component>
      <object_component id="oc-cc">
         <name>.debug_line</name>
         <load_address>0x18b8</load_address>
         <run_address>0x18b8</run_address>
         <size>0x6c</size>
         <input_file_ref idref="fl-13c"/>
      </object_component>
      <object_component id="oc-207">
         <name>.debug_line</name>
         <load_address>0x1924</load_address>
         <run_address>0x1924</run_address>
         <size>0x6c</size>
         <input_file_ref idref="fl-13c"/>
      </object_component>
      <object_component id="oc-1ef">
         <name>.debug_line</name>
         <load_address>0x1990</load_address>
         <run_address>0x1990</run_address>
         <size>0x80</size>
         <input_file_ref idref="fl-13c"/>
      </object_component>
      <object_component id="oc-20e">
         <name>.debug_line</name>
         <load_address>0x1a10</load_address>
         <run_address>0x1a10</run_address>
         <size>0xc8</size>
         <input_file_ref idref="fl-13d"/>
      </object_component>
      <object_component id="oc-26c">
         <name>.debug_line</name>
         <load_address>0x1ad8</load_address>
         <run_address>0x1ad8</run_address>
         <size>0x58</size>
         <input_file_ref idref="fl-13d"/>
      </object_component>
      <object_component id="oc-19d">
         <name>.debug_line</name>
         <load_address>0x1b30</load_address>
         <run_address>0x1b30</run_address>
         <size>0x6d</size>
         <input_file_ref idref="fl-13d"/>
      </object_component>
      <object_component id="oc-197">
         <name>.debug_line</name>
         <load_address>0x1b9d</load_address>
         <run_address>0x1b9d</run_address>
         <size>0x6d</size>
         <input_file_ref idref="fl-13d"/>
      </object_component>
      <object_component id="oc-144">
         <name>.debug_line</name>
         <load_address>0x1c0a</load_address>
         <run_address>0x1c0a</run_address>
         <size>0xb9</size>
         <input_file_ref idref="fl-13d"/>
      </object_component>
      <object_component id="oc-1b5">
         <name>.debug_line</name>
         <load_address>0x1cc3</load_address>
         <run_address>0x1cc3</run_address>
         <size>0xf1</size>
         <input_file_ref idref="fl-13d"/>
      </object_component>
      <object_component id="oc-212">
         <name>.debug_line</name>
         <load_address>0x1db4</load_address>
         <run_address>0x1db4</run_address>
         <size>0x58</size>
         <input_file_ref idref="fl-13d"/>
      </object_component>
      <object_component id="oc-179">
         <name>.debug_line</name>
         <load_address>0x1e0c</load_address>
         <run_address>0x1e0c</run_address>
         <size>0x5b</size>
         <input_file_ref idref="fl-13e"/>
      </object_component>
      <object_component id="oc-d2">
         <name>.debug_line</name>
         <load_address>0x1e67</load_address>
         <run_address>0x1e67</run_address>
         <size>0x77</size>
         <input_file_ref idref="fl-13e"/>
      </object_component>
      <object_component id="oc-1af">
         <name>.debug_line</name>
         <load_address>0x1ede</load_address>
         <run_address>0x1ede</run_address>
         <size>0x6e</size>
         <input_file_ref idref="fl-13e"/>
      </object_component>
      <object_component id="oc-1c1">
         <name>.debug_line</name>
         <load_address>0x1f4c</load_address>
         <run_address>0x1f4c</run_address>
         <size>0x6f</size>
         <input_file_ref idref="fl-13e"/>
      </object_component>
      <object_component id="oc-1c4">
         <name>.debug_line</name>
         <load_address>0x1fbb</load_address>
         <run_address>0x1fbb</run_address>
         <size>0x6a</size>
         <input_file_ref idref="fl-13e"/>
      </object_component>
      <object_component id="oc-1b8">
         <name>.debug_line</name>
         <load_address>0x2025</load_address>
         <run_address>0x2025</run_address>
         <size>0x74</size>
         <input_file_ref idref="fl-13e"/>
      </object_component>
      <object_component id="oc-27c">
         <name>.debug_line</name>
         <load_address>0x2099</load_address>
         <run_address>0x2099</run_address>
         <size>0x55</size>
         <input_file_ref idref="fl-13f"/>
      </object_component>
      <object_component id="oc-27a">
         <name>.debug_line</name>
         <load_address>0x20ee</load_address>
         <run_address>0x20ee</run_address>
         <size>0x5b</size>
         <input_file_ref idref="fl-13f"/>
      </object_component>
      <object_component id="oc-282">
         <name>.debug_line</name>
         <load_address>0x2149</load_address>
         <run_address>0x2149</run_address>
         <size>0x5b</size>
         <input_file_ref idref="fl-13f"/>
      </object_component>
      <object_component id="oc-248">
         <name>.debug_line</name>
         <load_address>0x21a4</load_address>
         <run_address>0x21a4</run_address>
         <size>0x88</size>
         <input_file_ref idref="fl-13f"/>
      </object_component>
      <object_component id="oc-1e9">
         <name>.debug_line</name>
         <load_address>0x222c</load_address>
         <run_address>0x222c</run_address>
         <size>0x70</size>
         <input_file_ref idref="fl-13f"/>
      </object_component>
      <object_component id="oc-1fb">
         <name>.debug_line</name>
         <load_address>0x229c</load_address>
         <run_address>0x229c</run_address>
         <size>0x99</size>
         <input_file_ref idref="fl-13f"/>
      </object_component>
      <object_component id="oc-175">
         <name>.debug_line</name>
         <load_address>0x2335</load_address>
         <run_address>0x2335</run_address>
         <size>0x5b</size>
         <input_file_ref idref="fl-140"/>
      </object_component>
      <object_component id="oc-27e">
         <name>.debug_line</name>
         <load_address>0x2390</load_address>
         <run_address>0x2390</run_address>
         <size>0x56</size>
         <input_file_ref idref="fl-140"/>
      </object_component>
      <object_component id="oc-280">
         <name>.debug_line</name>
         <load_address>0x23e6</load_address>
         <run_address>0x23e6</run_address>
         <size>0x56</size>
         <input_file_ref idref="fl-140"/>
      </object_component>
      <object_component id="oc-26a">
         <name>.debug_line</name>
         <load_address>0x243c</load_address>
         <run_address>0x243c</run_address>
         <size>0x56</size>
         <input_file_ref idref="fl-140"/>
      </object_component>
      <object_component id="oc-227">
         <name>.debug_line</name>
         <load_address>0x2492</load_address>
         <run_address>0x2492</run_address>
         <size>0x6e</size>
         <input_file_ref idref="fl-140"/>
      </object_component>
      <object_component id="oc-22d">
         <name>.debug_line</name>
         <load_address>0x2500</load_address>
         <run_address>0x2500</run_address>
         <size>0xaf</size>
         <input_file_ref idref="fl-140"/>
      </object_component>
      <object_component id="oc-1a3">
         <name>.debug_line</name>
         <load_address>0x25af</load_address>
         <run_address>0x25af</run_address>
         <size>0x6c</size>
[...]
            <logical_group_ref idref="lg-5"/>
            <logical_group_ref idref="lg-6"/>
         </contents>
      </load_segment>
      <load_segment id="lg-2b0" display="no" color="cyan">
         <name>SEGMENT_1</name>
         <run_address>0x20000000</run_address>
         <size>0x718</size>
         <flags>0x6</flags>
         <contents>
            <logical_group_ref idref="lg-9"/>
            <logical_group_ref idref="lg-d"/>
            <logical_group_ref idref="lg-a"/>
            <logical_group_ref idref="lg-b"/>
         </contents>
      </load_segment>
   </logical_group_list>
   <placement_map>
      <memory_area display="yes" color="green">
         <name>FLASH</name>
         <page_id>0x0</page_id>
         <origin>0x0</origin>
         <length>0x40000</length>
         <used_space>0x18aa</used_space>
         <unused_space>0x3e756</unused_space>
         <attributes>RX</attributes>
         <usage_details>
            <allocated_space>
               <start_address>0x0</start_address>
               <size>0x26c</size>
               <logical_group_ref idref="lg-3"/>
            </allocated_space>
            <allocated_space>
               <start_address>0x26c</start_address>
               <size>0x127c</size>
               <logical_group_ref idref="lg-4"/>
            </allocated_space>
            <allocated_space>
               <start_address>0x14e8</start_address>
               <size>0x31a</size>
               <logical_group_ref idref="lg-5"/>
            </allocated_space>
            <available_space>
               <start_address>0x1802</start_address>
               <size>0x6</size>
            </available_space>
            <allocated_space>
               <start_address>0x1808</start_address>
               <size>0xa8</size>
               <logical_group_ref idref="lg-6"/>
            </allocated_space>
            <available_space>
               <start_address>0x18b0</start_address>
               <size>0x3e750</size>
            </available_space>
         </usage_details>
      </memory_area>
      <memory_area display="yes" color="green">
         <name>SRAM</name>
         <page_id>0x0</page_id>
         <origin>0x20000000</origin>
         <length>0x8000</length>
         <used_space>0x718</used_space>
         <unused_space>0x78e8</unused_space>
         <attributes>RWX</attributes>
         <usage_details>
            <allocated_space>
               <start_address>0x20000000</start_address>
               <size>0x26c</size>
               <logical_group_ref idref="lg-9"/>
            </allocated_space>
            <allocated_space>
               <start_address>0x2000026c</start_address>
               <size>0x400</size>
               <logical_group_ref idref="lg-d"/>
            </allocated_space>
            <allocated_space>
               <start_address>0x2000066c</start_address>
               <size>0x80</size>
               <logical_group_ref idref="lg-285"/>
            </allocated_space>
            <allocated_space>
               <start_address>0x200006ec</start_address>
               <size>0x2c</size>
               <logical_group_ref idref="lg-283"/>
            </allocated_space>
            <available_space>
               <start_address>0x20000718</start_address>
               <size>0x78e8</size>
            </available_space>
         </usage_details>
      </memory_area>
   </placement_map>
   <cptbl_list>
      <cptbl>
         <name>__TI_cinit_table</name>
         <cprec>
            <name>.data</name>
            <load_address>0x1808</load_address>
            <load_size>0x6f</load_size>
            <run_address>0x2000066c</run_address>
            <run_size>0x80</run_size>
            <compression>rle</compression>
         </cprec>
         <cprec>
            <name>.bss</name>
            <load_address>0x1888</load_address>
            <load_size>0x8</load_size>
            <run_address>0x200006ec</run_address>
            <run_size>0x2c</run_size>
            <compression>zero_init</compression>
         </cprec>
         <cprec>
            <name>.vtable</name>
            <load_address>0x1890</load_address>
            <load_size>0x8</load_size>
            <run_address>0x20000000</run_address>
            <run_size>0x26c</run_size>
            <compression>zero_init</compression>
         </cprec>
      </cptbl>
   </cptbl_list>
   <handler_table>
      <handler_table_name>__TI_handler_table</handler_table_name>
      <handler>
         <index>0x0</index>
         <name>__TI_zero_init</name>
      </handler>
      <handler>
         <index>0x1</index>
         <name>__TI_decompress_rle24</name>
      </handler>
      <handler>
         <index>0x2</index>
         <name>__TI_decompress_none</name>
      </handler>
   </handler_table>
   <symbol_table>
      <symbol id="sm-1">
         <name>__STACK_TOP</name>
         <value>0x2000036c</value>
      </symbol>
      <symbol id="sm-2">
         <name>__TI_CINIT_Base</name>
         <value>0x1898</value>
      </symbol>
      <symbol id="sm-3">
         <name>__TI_CINIT_Limit</name>
         <value>0x18b0</value>
      </symbol>
      <symbol id="sm-4">
         <name>__TI_Handler_Table_Base</name>
         <value>0x1878</value>
      </symbol>
      <symbol id="sm-5">
         <name>__TI_Handler_Table_Limit</name>
         <value>0x1884</value>
      </symbol>
      <symbol id="sm-6">
         <name>binit</name>
         <value>0xffffffff</value>
      </symbol>
      <symbol id="sm-7">
         <name>__binit__</name>
         <value>0xffffffff</value>
      </symbol>
      <symbol id="sm-8">
         <name>__STACK_SIZE</name>
         <value>0x400</value>
      </symbol>
      <symbol id="sm-9">
         <name>__STACK_END</name>
         <value>0x2000066c</value>
      </symbol>
      <symbol id="sm-a">
         <name>__c_args__</name>
         <value>0xffffffff</value>
      </symbol>
      <symbol id="sm-5a">
         <name>ResetISR</name>
         <value>0x14c9</value>
         <object_component_ref idref="oc-2a"/>
      </symbol>
      <symbol id="sm-5b">
         <name>g_pfnVectors</name>
         <value>0x0</value>
         <object_component_ref idref="oc-f"/>
      </symbol>
      <symbol id="sm-12f">
         <name>ui32Load</name>
         <value>0x20000714</value>
      </symbol>
      <symbol id="sm-130">
         <name>I_c_prev</name>
         <value>0x20000688</value>
         <object_component_ref idref="oc-b4"/>
      </symbol>
      <symbol id="sm-131">
         <name>main</name>
         <value>0xf2d</value>
         <object_component_ref idref="oc-fb"/>
      </symbol>
      <symbol id="sm-132">
         <name>A_ref</name>
         <value>0x2000066c</value>
         <object_component_ref idref="oc-b4"/>
      </symbol>
      <symbol id="sm-133">
         <name>ConfigureUART</name>
         <value>0xe09</value>
         <object_component_ref idref="oc-146"/>
      </symbol>
      <symbol id="sm-134">
         <name>ConfigureQEI</name>
         <value>0x8b9</value>
         <object_component_ref idref="oc-152"/>
      </symbol>
      <symbol id="sm-135">
         <name>ConfigureCtrlTimer</name>
         <value>0xc31</value>
         <object_component_ref idref="oc-158"/>
      </symbol>
      <symbol id="sm-136">
         <name>qeiAIntHandler</name>
         <value>0x109d</value>
         <object_component_ref idref="oc-42"/>
      </symbol>
      <symbol id="sm-137">
         <name>B_ref</name>
         <value>0x20000670</value>
         <object_component_ref idref="oc-b4"/>
      </symbol>
      <symbol id="sm-138">
         <name>qeiCIntHandler</name>
         <value>0x10f1</value>
         <object_component_ref idref="oc-48"/>
      </symbol>
      <symbol id="sm-139">
         <name>qeiDIntHandler</name>
         <value>0xfe9</value>
         <object_component_ref idref="oc-1e2"/>
      </symbol>
      <symbol id="sm-13a">
         <name>cQEI_count</name>
         <value>0x20000680</value>
         <object_component_ref idref="oc-b4"/>
      </symbol>
      <symbol id="sm-13b">
         <name>aQEI_count</name>
         <value>0x20000678</value>
         <object_component_ref idref="oc-b4"/>
      </symbol>
      <symbol id="sm-13c">
         <name>ControlIntHandler</name>
         <value>0x26d</value>
         <object_component_ref idref="oc-4e"/>
      </symbol>
      <symbol id="sm-13d">
         <name>C_ref</name>
         <value>0x20000674</value>
         <object_component_ref idref="oc-b4"/>
      </symbol>
      <symbol id="sm-13e">
         <name>ConfigurePWM</name>
         <value>0x535</value>
         <object_component_ref idref="oc-14c"/>
      </symbol>
      <symbol id="sm-13f">
         <name>bQEI_count</name>
         <value>0x2000067c</value>
         <object_component_ref idref="oc-b4"/>
      </symbol>
      <symbol id="sm-140">
         <name>ui8MainLoop_cnt</name>
         <value>0x20000684</value>
         <object_component_ref idref="oc-b4"/>
      </symbol>
      <symbol id="sm-141">
         <name>interpolated_motion_handler</name>
         <value>0x9b1</value>
         <object_component_ref idref="oc-54"/>
      </symbol>
      <symbol id="sm-16f">
         <name>UARTStdioConfig</name>
         <value>0xecd</value>
         <object_component_ref idref="oc-18c"/>
      </symbol>
      <symbol id="sm-182">
         <name>_c_int00</name>
         <value>0x1145</value>
         <object_component_ref idref="oc-24"/>
      </symbol>
      <symbol id="sm-183">
         <name>__stack</name>
         <value>0x2000026c</value>
         <object_component_ref idref="oc-29"/>
      </symbol>
      <symbol id="sm-19a">
         <name>__TI_decompress_none</name>
         <value>0x146d</value>
         <object_component_ref idref="oc-12"/>
      </symbol>
      <symbol id="sm-1c2">
         <name>__TI_decompress_rle24</name>
         <value>0x14db</value>
         <object_component_ref idref="oc-18"/>
      </symbol>
      <symbol id="sm-1d4">
         <name>__TI_zero_init</name>
         <value>0x149f</value>
         <object_component_ref idref="oc-1e"/>
      </symbol>
      <symbol id="sm-1f4">
         <name>C$$EXIT</name>
         <value>0x1229</value>
         <object_component_ref idref="oc-94"/>
      </symbol>
      <symbol id="sm-1f5">
         <name>abort</name>
         <value>0x122d</value>
         <object_component_ref idref="oc-94"/>
      </symbol>
      <symbol id="sm-1f6">
         <name>exit</name>
         <value>0x1235</value>
         <object_component_ref idref="oc-94"/>
      </symbol>
      <symbol id="sm-1f7">
         <name>__TI_dtors_ptr</name>
         <value>0x200006dc</value>
         <object_component_ref idref="oc-106"/>
      </symbol>
      <symbol id="sm-1f8">
         <name>__TI_cleanup_ptr</name>
         <value>0x200006d8</value>
         <object_component_ref idref="oc-106"/>
      </symbol>
      <symbol id="sm-213">
         <name>memcpy</name>
         <value>0xb95</value>
         <object_component_ref idref="oc-5d"/>
      </symbol>
      <symbol id="sm-214">
         <name>__aeabi_memcpy</name>
         <value>0xb95</value>
         <object_component_ref idref="oc-5d"/>
      </symbol>
      <symbol id="sm-215">
         <name>__aeabi_memcpy8</name>
         <value>0xb95</value>
         <object_component_ref idref="oc-5d"/>
      </symbol>
      <symbol id="sm-216">
         <name>__aeabi_memcpy4</name>
         <value>0xb95</value>
         <object_component_ref idref="oc-5d"/>
      </symbol>
      <symbol id="sm-225">
         <name>__aeabi_memset</name>
         <value>0xcb7</value>
         <object_component_ref idref="oc-76"/>
      </symbol>
      <symbol id="sm-226">
         <name>memset</name>
         <value>0xcbd</value>
         <object_component_ref idref="oc-76"/>
      </symbol>
      <symbol id="sm-227">
         <name>__aeabi_memset8</name>
         <value>0xcb7</value>
         <object_component_ref idref="oc-76"/>
      </symbol>
      <symbol id="sm-228">
         <name>__aeabi_memset4</name>
         <value>0xcb7</value>
         <object_component_ref idref="oc-76"/>
      </symbol>
      <symbol id="sm-229">
         <name>__aeabi_memclr8</name>
         <value>0xcb5</value>
         <object_component_ref idref="oc-76"/>
      </symbol>
      <symbol id="sm-22a">
         <name>__aeabi_memclr4</name>
         <value>0xcb5</value>
         <object_component_ref idref="oc-76"/>
      </symbol>
      <symbol id="sm-22b">
         <name>__aeabi_memclr</name>
         <value>0xcb5</value>
         <object_component_ref idref="oc-76"/>
      </symbol>
      <symbol id="sm-235">
         <name>_system_pre_init</name>
         <value>0x14e5</value>
         <object_component_ref idref="oc-82"/>
      </symbol>
      <symbol id="sm-23d">
         <name>main_func_sp</name>
         <value>0x200006e8</value>
         <object_component_ref idref="oc-9a"/>
      </symbol>
      <symbol id="sm-25a">
         <name>_nop</name>
         <value>0x13d3</value>
         <object_component_ref idref="oc-166"/>
      </symbol>
      <symbol id="sm-25b">
         <name>_lock</name>
         <value>0x200006d0</value>
         <object_component_ref idref="oc-103"/>
      </symbol>
      <symbol id="sm-25c">
         <name>_unlock</name>
         <value>0x200006d4</value>
         <object_component_ref idref="oc-103"/>
      </symbol>
      <symbol id="sm-25d">
         <name>_register_lock</name>
         <value>0x13cb</value>
         <object_component_ref idref="oc-166"/>
      </symbol>
      <symbol id="sm-25e">
         <name>_register_unlock</name>
         <value>0x13c5</value>
         <object_component_ref idref="oc-166"/>
      </symbol>
      <symbol id="sm-273">
         <name>_args_main</name>
         <value>0x1399</value>
         <object_component_ref idref="oc-8e"/>
      </symbol>
      <symbol id="sm-299">
         <name>__TI_auto_init</name>
         <value>0xd31</value>
         <object_component_ref idref="oc-88"/>
      </symbol>
      <symbol id="sm-2b3">
         <name>copy_in</name>
         <value>0x1195</value>
         <object_component_ref idref="oc-f3"/>
      </symbol>
      <symbol id="sm-2ca">
         <name>UARTClockSourceSet</name>
         <value>0x14d5</value>
         <object_component_ref idref="oc-186"/>
      </symbol>
      <symbol id="sm-2fd">
         <name>TimerLoadSet</name>
         <value>0x140f</value>
         <object_component_ref idref="oc-1f1"/>
      </symbol>
      <symbol id="sm-2fe">
         <name>TimerEnable</name>
         <value>0x145f</value>
         <object_component_ref idref="oc-203"/>
      </symbol>
      <symbol id="sm-2ff">
         <name>TimerIntEnable</name>
         <value>0x14b5</value>
         <object_component_ref idref="oc-1fd"/>
      </symbol>
      <symbol id="sm-300">
         <name>TimerConfigure</name>
         <value>0xf8d</value>
         <object_component_ref idref="oc-1eb"/>
      </symbol>
      <symbol id="sm-301">
         <name>TimerIntClear</name>
         <value>0x14e1</value>
         <object_component_ref idref="oc-c8"/>
      </symbol>
      <symbol id="sm-366">
         <name>SysCtlClockSet</name>
         <value>0xaa5</value>
         <object_component_ref idref="oc-140"/>
      </symbol>
      <symbol id="sm-367">
         <name>SysCtlDelay</name>
         <value>0x14cf</value>
         <object_component_ref idref="oc-183"/>
      </symbol>
      <symbol id="sm-368">
         <name>SysCtlPeripheralEnable</name>
         <value>0x12e1</value>
         <object_component_ref idref="oc-199"/>
      </symbol>
      <symbol id="sm-369">
         <name>SysCtlClockGet</name>
         <value>0x7a1</value>
         <object_component_ref idref="oc-1b1"/>
      </symbol>
      <symbol id="sm-36a">
         <name>SysCtlPWMClockSet</name>
         <value>0x13b1</value>
         <object_component_ref idref="oc-193"/>
      </symbol>
      <symbol id="sm-397">
         <name>PWMGenPeriodSet</name>
         <value>0x1441</value>
         <object_component_ref idref="oc-1bd"/>
      </symbol>
      <symbol id="sm-398">
         <name>PWMPulseWidthSet</name>
         <value>0x1361</value>
         <object_component_ref idref="oc-ce"/>
      </symbol>
      <symbol id="sm-399">
         <name>PWMOutputState</name>
         <value>0x13fd</value>
         <object_component_ref idref="oc-1ab"/>
      </symbol>
      <symbol id="sm-39a">
         <name>PWMGenEnable</name>
         <value>0x1493</value>
         <object_component_ref idref="oc-1c3"/>
      </symbol>
      <symbol id="sm-39b">
         <name>PWMGenConfigure</name>
         <value>0x133f</value>
         <object_component_ref idref="oc-1b7"/>
      </symbol>
      <symbol id="sm-3dd">
         <name>IntEnable</name>
         <value>0xe6d</value>
         <object_component_ref idref="oc-1f7"/>
      </symbol>
      <symbol id="sm-3de">
         <name>IntRegister</name>
         <value>0x12ad</value>
         <object_component_ref idref="oc-244"/>
      </symbol>
      <symbol id="sm-3df">
         <name>g_pfnRAMVectors</name>
         <value>0x20000000</value>
         <object_component_ref idref="oc-274"/>
      </symbol>
      <symbol id="sm-3e0">
         <name>IntMasterEnable</name>
         <value>0x14ab</value>
         <object_component_ref idref="oc-1e5"/>
      </symbol>
      <symbol id="sm-473">
         <name>GPIOPinTypePWM</name>
         <value>0x13eb</value>
         <object_component_ref idref="oc-19f"/>
      </symbol>
      <symbol id="sm-474">
         <name>GPIOIntRegister</name>
         <value>0x137f</value>
         <object_component_ref idref="oc-1d6"/>
      </symbol>
      <symbol id="sm-475">
         <name>GPIOPinConfigure</name>
         <value>0x11e1</value>
         <object_component_ref idref="oc-1a5"/>
      </symbol>
      <symbol id="sm-476">
         <name>GPIOIntEnable</name>
         <value>0x1487</value>
         <object_component_ref idref="oc-1dc"/>
      </symbol>
      <symbol id="sm-477">
         <name>GPIOIntTypeSet</name>
         <value>0x1045</value>
         <object_component_ref idref="oc-1d0"/>
      </symbol>
      <symbol id="sm-478">
         <name>GPIOPinTypeGPIOInput</name>
         <value>0x13d9</value>
         <object_component_ref idref="oc-1ca"/>
      </symbol>
      <symbol id="sm-479">
         <name>GPIOIntClear</name>
         <value>0x14bd</value>
         <object_component_ref idref="oc-a8"/>
      </symbol>
      <symbol id="sm-47a">
         <name>GPIOIntStatus</name>
         <value>0x1451</value>
         <object_component_ref idref="oc-a2"/>
      </symbol>
      <symbol id="sm-47b">
         <name>GPIOPinRead</name>
         <value>0x14c3</value>
         <object_component_ref idref="oc-ae"/>
      </symbol>
      <symbol id="sm-47c">
         <name>GPIODirModeSet</name>
         <value>0x1315</value>
         <object_component_ref idref="oc-223"/>
      </symbol>
      <symbol id="sm-47d">
         <name>GPIOPadConfigSet</name>
         <value>0x671</value>
         <object_component_ref idref="oc-229"/>
      </symbol>
      <symbol id="sm-493">
         <name>FPULazyStackingEnable</name>
         <value>0x1431</value>
         <object_component_ref idref="oc-13a"/>
      </symbol>
      <symbol id="sm-494">
         <name>FPUEnable</name>
         <value>0x1421</value>
         <object_component_ref idref="oc-134"/>
      </symbol>
      <symbol id="sm-49e">
         <name>CPUcpsie</name>
         <value>0x147b</value>
         <object_component_ref idref="oc-24c"/>
      </symbol>
      <symbol id="sm-49f">
         <name>__TI_static_base__</name>
         <value>0x0</value>
      </symbol>
      <symbol id="sm-4a2">
         <name>SHT$$INIT_ARRAY$$Limit</name>
         <value>0x0</value>
      </symbol>
      <symbol id="sm-4a3">
         <name>SHT$$INIT_ARRAY$$Base</name>
         <value>0x0</value>
      </symbol>
   </symbol_table>
   <title>Link successful</title>
</link_info>
